------------------------------------------------------------
TimeQuest Timing Analyzer Summary
------------------------------------------------------------

Type  : Slow 1200mV 85C Model Setup 'cpu:cpu|debouncer:inst1|out_key'
Slack : -3.944
TNS   : -90.554

Type  : Slow 1200mV 85C Model Setup 'fpga_clk'
Slack : -2.161
TNS   : -36.257

Type  : Slow 1200mV 85C Model Hold 'fpga_clk'
Slack : -0.036
TNS   : -0.036

Type  : Slow 1200mV 85C Model Hold 'cpu:cpu|debouncer:inst1|out_key'
Slack : 0.387
TNS   : 0.000

Type  : Slow 1200mV 85C Model Recovery 'cpu:cpu|debouncer:inst1|out_key'
Slack : -3.148
TNS   : -39.842

Type  : Slow 1200mV 85C Model Removal 'cpu:cpu|debouncer:inst1|out_key'
Slack : 2.379
TNS   : 0.000

Type  : Slow 1200mV 85C Model Minimum Pulse Width 'fpga_clk'
Slack : -3.000
TNS   : -26.130

Type  : Slow 1200mV 85C Model Minimum Pulse Width 'cpu:cpu|debouncer:inst1|out_key'
Slack : -2.693
TNS   : -69.034

Type  : Slow 1200mV 0C Model Setup 'cpu:cpu|debouncer:inst1|out_key'
Slack : -3.477
TNS   : -78.633

Type  : Slow 1200mV 0C Model Setup 'fpga_clk'
Slack : -1.879
TNS   : -31.496

Type  : Slow 1200mV 0C Model Hold 'fpga_clk'
Slack : 0.046
TNS   : 0.000

Type  : Slow 1200mV 0C Model Hold 'cpu:cpu|debouncer:inst1|out_key'
Slack : 0.340
TNS   : 0.000

Type  : Slow 1200mV 0C Model Recovery 'cpu:cpu|debouncer:inst1|out_key'
Slack : -2.722
TNS   : -34.049

Type  : Slow 1200mV 0C Model Removal 'cpu:cpu|debouncer:inst1|out_key'
Slack : 2.127
TNS   : 0.000

Type  : Slow 1200mV 0C Model Minimum Pulse Width 'fpga_clk'
Slack : -3.000
TNS   : -26.130

Type  : Slow 1200mV 0C Model Minimum Pulse Width 'cpu:cpu|debouncer:inst1|out_key'
Slack : -2.649
TNS   : -68.242

Type  : Fast 1200mV 0C Model Setup 'cpu:cpu|debouncer:inst1|out_key'
Slack : -1.806
TNS   : -31.262

Type  : Fast 1200mV 0C Model Setup 'fpga_clk'
Slack : -0.516
TNS   : -8.546

Type  : Fast 1200mV 0C Model Hold 'fpga_clk'
Slack : -0.235
TNS   : -0.235

Type  : Fast 1200mV 0C Model Hold 'cpu:cpu|debouncer:inst1|out_key'
Slack : 0.174
TNS   : 0.000

Type  : Fast 1200mV 0C Model Recovery 'cpu:cpu|debouncer:inst1|out_key'
Slack : -1.503
TNS   : -19.558

Type  : Fast 1200mV 0C Model Removal 'cpu:cpu|debouncer:inst1|out_key'
Slack : 1.549
TNS   : 0.000

Type  : Fast 1200mV 0C Model Minimum Pulse Width 'fpga_clk'
Slack : -3.000
TNS   : -22.140

Type  : Fast 1200mV 0C Model Minimum Pulse Width 'cpu:cpu|debouncer:inst1|out_key'
Slack : -1.000
TNS   : -34.000

------------------------------------------------------------
