------------------------------------------------------------
TimeQuest Timing Analyzer Summary
------------------------------------------------------------

Type  : Slow 1200mV 85C Model Setup 'cpu:cpu|debouncer:inst1|out_key'
Slack : -5.050
TNS   : -73.652

Type  : Slow 1200mV 85C Model Setup 'cpu:cpu|rom:inst89|altsyncram:altsyncram_component|altsyncram_qf91:auto_generated|q_a[15]'
Slack : -4.140
TNS   : -13.478

Type  : Slow 1200mV 85C Model Setup 'cpu:cpu|rom:inst89|altsyncram:altsyncram_component|altsyncram_qf91:auto_generated|q_a[14]'
Slack : -4.000
TNS   : -14.014

Type  : Slow 1200mV 85C Model Setup 'fpga_clk'
Slack : -2.202
TNS   : -36.491

Type  : Slow 1200mV 85C Model Hold 'cpu:cpu|debouncer:inst1|out_key'
Slack : -0.624
TNS   : -1.574

Type  : Slow 1200mV 85C Model Hold 'fpga_clk'
Slack : 0.008
TNS   : 0.000

Type  : Slow 1200mV 85C Model Hold 'cpu:cpu|rom:inst89|altsyncram:altsyncram_component|altsyncram_qf91:auto_generated|q_a[15]'
Slack : 1.002
TNS   : 0.000

Type  : Slow 1200mV 85C Model Hold 'cpu:cpu|rom:inst89|altsyncram:altsyncram_component|altsyncram_qf91:auto_generated|q_a[14]'
Slack : 1.384
TNS   : 0.000

Type  : Slow 1200mV 85C Model Recovery 'cpu:cpu|debouncer:inst1|out_key'
Slack : -2.675
TNS   : -10.427

Type  : Slow 1200mV 85C Model Recovery 'cpu:cpu|rom:inst89|altsyncram:altsyncram_component|altsyncram_qf91:auto_generated|q_a[14]'
Slack : -0.319
TNS   : -1.276

Type  : Slow 1200mV 85C Model Recovery 'cpu:cpu|rom:inst89|altsyncram:altsyncram_component|altsyncram_qf91:auto_generated|q_a[15]'
Slack : -0.094
TNS   : -0.376

Type  : Slow 1200mV 85C Model Removal 'cpu:cpu|debouncer:inst1|out_key'
Slack : -0.287
TNS   : -1.761

Type  : Slow 1200mV 85C Model Removal 'cpu:cpu|rom:inst89|altsyncram:altsyncram_component|altsyncram_qf91:auto_generated|q_a[15]'
Slack : 0.232
TNS   : 0.000

Type  : Slow 1200mV 85C Model Removal 'cpu:cpu|rom:inst89|altsyncram:altsyncram_component|altsyncram_qf91:auto_generated|q_a[14]'
Slack : 0.466
TNS   : 0.000

Type  : Slow 1200mV 85C Model Minimum Pulse Width 'fpga_clk'
Slack : -3.000
TNS   : -26.130

Type  : Slow 1200mV 85C Model Minimum Pulse Width 'cpu:cpu|debouncer:inst1|out_key'
Slack : -2.693
TNS   : -58.754

Type  : Slow 1200mV 85C Model Minimum Pulse Width 'cpu:cpu|rom:inst89|altsyncram:altsyncram_component|altsyncram_qf91:auto_generated|q_a[14]'
Slack : -1.285
TNS   : -5.140

Type  : Slow 1200mV 85C Model Minimum Pulse Width 'cpu:cpu|rom:inst89|altsyncram:altsyncram_component|altsyncram_qf91:auto_generated|q_a[15]'
Slack : -1.285
TNS   : -5.140

Type  : Slow 1200mV 0C Model Setup 'cpu:cpu|debouncer:inst1|out_key'
Slack : -4.502
TNS   : -64.418

Type  : Slow 1200mV 0C Model Setup 'cpu:cpu|rom:inst89|altsyncram:altsyncram_component|altsyncram_qf91:auto_generated|q_a[15]'
Slack : -3.610
TNS   : -11.743

Type  : Slow 1200mV 0C Model Setup 'cpu:cpu|rom:inst89|altsyncram:altsyncram_component|altsyncram_qf91:auto_generated|q_a[14]'
Slack : -3.501
TNS   : -12.231

Type  : Slow 1200mV 0C Model Setup 'fpga_clk'
Slack : -1.915
TNS   : -31.682

Type  : Slow 1200mV 0C Model Hold 'cpu:cpu|debouncer:inst1|out_key'
Slack : -0.489
TNS   : -1.396

Type  : Slow 1200mV 0C Model Hold 'fpga_clk'
Slack : 0.096
TNS   : 0.000

Type  : Slow 1200mV 0C Model Hold 'cpu:cpu|rom:inst89|altsyncram:altsyncram_component|altsyncram_qf91:auto_generated|q_a[15]'
Slack : 0.917
TNS   : 0.000

Type  : Slow 1200mV 0C Model Hold 'cpu:cpu|rom:inst89|altsyncram:altsyncram_component|altsyncram_qf91:auto_generated|q_a[14]'
Slack : 1.264
TNS   : 0.000

Type  : Slow 1200mV 0C Model Recovery 'cpu:cpu|debouncer:inst1|out_key'
Slack : -2.310
TNS   : -8.962

Type  : Slow 1200mV 0C Model Recovery 'cpu:cpu|rom:inst89|altsyncram:altsyncram_component|altsyncram_qf91:auto_generated|q_a[14]'
Slack : -0.264
TNS   : -1.056

Type  : Slow 1200mV 0C Model Recovery 'cpu:cpu|rom:inst89|altsyncram:altsyncram_component|altsyncram_qf91:auto_generated|q_a[15]'
Slack : -0.061
TNS   : -0.244

Type  : Slow 1200mV 0C Model Removal 'cpu:cpu|debouncer:inst1|out_key'
Slack : -0.289
TNS   : -1.714

Type  : Slow 1200mV 0C Model Removal 'cpu:cpu|rom:inst89|altsyncram:altsyncram_component|altsyncram_qf91:auto_generated|q_a[15]'
Slack : 0.250
TNS   : 0.000

Type  : Slow 1200mV 0C Model Removal 'cpu:cpu|rom:inst89|altsyncram:altsyncram_component|altsyncram_qf91:auto_generated|q_a[14]'
Slack : 0.462
TNS   : 0.000

Type  : Slow 1200mV 0C Model Minimum Pulse Width 'fpga_clk'
Slack : -3.000
TNS   : -26.130

Type  : Slow 1200mV 0C Model Minimum Pulse Width 'cpu:cpu|debouncer:inst1|out_key'
Slack : -2.649
TNS   : -57.962

Type  : Slow 1200mV 0C Model Minimum Pulse Width 'cpu:cpu|rom:inst89|altsyncram:altsyncram_component|altsyncram_qf91:auto_generated|q_a[14]'
Slack : -1.285
TNS   : -5.140

Type  : Slow 1200mV 0C Model Minimum Pulse Width 'cpu:cpu|rom:inst89|altsyncram:altsyncram_component|altsyncram_qf91:auto_generated|q_a[15]'
Slack : -1.285
TNS   : -5.140

Type  : Fast 1200mV 0C Model Setup 'cpu:cpu|debouncer:inst1|out_key'
Slack : -2.281
TNS   : -23.410

Type  : Fast 1200mV 0C Model Setup 'cpu:cpu|rom:inst89|altsyncram:altsyncram_component|altsyncram_qf91:auto_generated|q_a[15]'
Slack : -1.922
TNS   : -6.208

Type  : Fast 1200mV 0C Model Setup 'cpu:cpu|rom:inst89|altsyncram:altsyncram_component|altsyncram_qf91:auto_generated|q_a[14]'
Slack : -1.841
TNS   : -6.435

Type  : Fast 1200mV 0C Model Setup 'fpga_clk'
Slack : -0.541
TNS   : -8.757

Type  : Fast 1200mV 0C Model Hold 'cpu:cpu|debouncer:inst1|out_key'
Slack : -0.553
TNS   : -0.553

Type  : Fast 1200mV 0C Model Hold 'fpga_clk'
Slack : -0.203
TNS   : -0.203

Type  : Fast 1200mV 0C Model Hold 'cpu:cpu|rom:inst89|altsyncram:altsyncram_component|altsyncram_qf91:auto_generated|q_a[15]'
Slack : 0.439
TNS   : 0.000

Type  : Fast 1200mV 0C Model Hold 'cpu:cpu|rom:inst89|altsyncram:altsyncram_component|altsyncram_qf91:auto_generated|q_a[14]'
Slack : 0.623
TNS   : 0.000

Type  : Fast 1200mV 0C Model Recovery 'cpu:cpu|debouncer:inst1|out_key'
Slack : -1.256
TNS   : -4.918

Type  : Fast 1200mV 0C Model Recovery 'cpu:cpu|rom:inst89|altsyncram:altsyncram_component|altsyncram_qf91:auto_generated|q_a[14]'
Slack : 0.070
TNS   : 0.000

Type  : Fast 1200mV 0C Model Recovery 'cpu:cpu|rom:inst89|altsyncram:altsyncram_component|altsyncram_qf91:auto_generated|q_a[15]'
Slack : 0.167
TNS   : 0.000

Type  : Fast 1200mV 0C Model Removal 'cpu:cpu|debouncer:inst1|out_key'
Slack : -0.006
TNS   : -0.006

Type  : Fast 1200mV 0C Model Removal 'cpu:cpu|rom:inst89|altsyncram:altsyncram_component|altsyncram_qf91:auto_generated|q_a[15]'
Slack : 0.298
TNS   : 0.000

Type  : Fast 1200mV 0C Model Removal 'cpu:cpu|rom:inst89|altsyncram:altsyncram_component|altsyncram_qf91:auto_generated|q_a[14]'
Slack : 0.399
TNS   : 0.000

Type  : Fast 1200mV 0C Model Minimum Pulse Width 'fpga_clk'
Slack : -3.000
TNS   : -22.206

Type  : Fast 1200mV 0C Model Minimum Pulse Width 'cpu:cpu|debouncer:inst1|out_key'
Slack : -1.000
TNS   : -26.000

Type  : Fast 1200mV 0C Model Minimum Pulse Width 'cpu:cpu|rom:inst89|altsyncram:altsyncram_component|altsyncram_qf91:auto_generated|q_a[14]'
Slack : -1.000
TNS   : -4.000

Type  : Fast 1200mV 0C Model Minimum Pulse Width 'cpu:cpu|rom:inst89|altsyncram:altsyncram_component|altsyncram_qf91:auto_generated|q_a[15]'
Slack : -1.000
TNS   : -4.000

------------------------------------------------------------
